[
  {
    "name": "a",
    "loc": {
      "line": 3,
      "column": 4
    },
    "param": false
  }
]