[
  {
    "name": "j",
    "loc": {
      "line": 4,
      "column": 14
    },
    "param": false
  }
]