[
  {
    "name": "foo",
    "loc": {
      "line": 2,
      "column": 9
    },
    "param": false
  },
  {
    "name": "bar",
    "loc": {
      "line": 6,
      "column": 4
    },
    "param": false
  }
]