[
  {
    "name": "foo",
    "loc": {
      "line": 4,
      "column": 4
    },
    "param": false
  }
]